// Jest Snapshot v1, https://goo.gl/fbAQLP

exports[`Favorite films snapshot tests Favorite films component renders correctly 1`] = `
<div
  className="user-page"
>
  <header
    className="page-header user-page__head"
  >
    <div
      className="logo"
    >
      <a
        className="logo__link"
        href="#/"
        onClick={[Function]}
      >
        <span
          className="logo__letter logo__letter--1"
        >
          W
        </span>
        <span
          className="logo__letter logo__letter--2"
        >
          T
        </span>
        <span
          className="logo__letter logo__letter--3"
        >
          W
        </span>
      </a>
    </div>
    <h1
      className="page-title user-page__title"
    >
      My list
    </h1>
    <div
      className="user-block"
    >
      <a
        className="user-block__link"
        href="#/login"
        onClick={[Function]}
      >
        Sign In
      </a>
    </div>
  </header>
  <section
    className="catalog"
  >
    <h2
      className="catalog__title visually-hidden"
    >
      Catalog
    </h2>
    <div
      className="catalog__movies-list"
    >
      <article
        className="small-movie-card catalog__movies-card"
        data-id={0}
        onMouseLeave={[Function]}
        onMouseOver={[Function]}
      >
        <a
          className="small-movie-card__image"
          href="#/film/0"
          onClick={[Function]}
        >
          <video
            height="175"
            muted={true}
            poster="https://es31-server.appspot.com/wtw/static/film/preview/matrix.jpg"
            width="280"
          >
            <source
              src="https://upload.wikimedia.org/wikipedia/commons/transcoded/b/b3/Big_Buck_Bunny_Trailer_400p.ogv/Big_Buck_Bunny_Trailer_400p.ogv.360p.webm"
            />
          </video>
        </a>
        <h3
          className="small-movie-card__title"
        >
          <a
            className="small-movie-card__link"
            href="#/film/0"
            onClick={[Function]}
          >
            Matrix
          </a>
        </h3>
      </article>
    </div>
  </section>
  <footer
    className="page-footer"
  >
    <div
      className="logo"
    >
      <a
        className="logo__link logo__link--light"
        href="#/"
        onClick={[Function]}
      >
        <span
          className="logo__letter logo__letter--1"
        >
          W
        </span>
        <span
          className="logo__letter logo__letter--2"
        >
          T
        </span>
        <span
          className="logo__letter logo__letter--3"
        >
          W
        </span>
      </a>
    </div>
    <div
      className="copyright"
    >
      <p>
        Â© 2019 What to watch Ltd.
      </p>
    </div>
  </footer>
</div>
`;
