// Jest Snapshot v1, https://goo.gl/fbAQLP

exports[`Tabs snapshot tests Tabs render correctly 1`] = `
Array [
  <nav
    className="movie-nav movie-card__nav"
  >
    <ul
      className="movie-nav__list"
    >
      <li
        className="movie-nav__item "
      >
        <a
          className="movie-nav__link"
          href="#"
          onClick={[Function]}
        >
          Overview
        </a>
      </li>
      <li
        className="movie-nav__item movie-nav__item--active"
      >
        <a
          className="movie-nav__link"
          href="#"
          onClick={[Function]}
        >
          Details
        </a>
      </li>
      <li
        className="movie-nav__item "
      >
        <a
          className="movie-nav__link"
          href="#"
          onClick={[Function]}
        >
          Reviews
        </a>
      </li>
    </ul>
  </nav>,
  <div
    className="movie-card__text movie-card__row"
  >
    <div
      className="movie-card__text-col"
    >
      <p
        className="movie-card__details-item"
      >
        <strong
          className="movie-card__details-name"
        >
          Director
        </strong>
        <span
          className="movie-card__details-value"
        >
          Director
        </span>
      </p>
      <p
        className="movie-card__details-item"
      >
        <strong
          className="movie-card__details-name"
        >
          Starring
        </strong>
        <span
          className="movie-card__details-value"
        >
          Actor1, Actor2
        </span>
      </p>
    </div>
    <div
      className="movie-card__text-col"
    >
      <p
        className="movie-card__details-item"
      >
        <strong
          className="movie-card__details-name"
        >
          Run Time
        </strong>
        <span
          className="movie-card__details-value"
        >
          120
        </span>
      </p>
      <p
        className="movie-card__details-item"
      >
        <strong
          className="movie-card__details-name"
        >
          Genre
        </strong>
        <span
          className="movie-card__details-value"
        >
          Action
        </span>
      </p>
      <p
        className="movie-card__details-item"
      >
        <strong
          className="movie-card__details-name"
        >
          Released
        </strong>
        <span
          className="movie-card__details-value"
        >
          1999
        </span>
      </p>
    </div>
  </div>,
]
`;
