// Jest Snapshot v1, https://goo.gl/fbAQLP

exports[`TabContent snapshot tests TabContent renders correctly 1`] = `null`;
