// Jest Snapshot v1, https://goo.gl/fbAQLP

exports[`Show more button renders correctly 1`] = `
<div
  className="catalog__more"
  style={
    Object {
      "display": "none",
    }
  }
>
  <button
    className="catalog__button"
    onClick={[Function]}
    type="button"
  >
    Show more
  </button>
</div>
`;
