// Jest Snapshot v1, https://goo.gl/fbAQLP

exports[`Movie page details renders correctly 1`] = `
Array [
  <section
    className="movie-card movie-card--full"
    style={
      Object {
        "backgroundColor": undefined,
      }
    }
  >
    <div
      className="movie-card__hero"
    >
      <div
        className="movie-card__bg"
      >
        <img
          alt="Matrix"
          src="https://es31-server.appspot.com/wtw/static/film/preview/matrix.jpg"
        />
      </div>
      <h1
        className="visually-hidden"
      >
        WTW
      </h1>
      <header
        className="page-header movie-card__head"
      >
        <div
          className="logo"
        >
          <a
            className="logo__link"
            href="#/"
            onClick={[Function]}
          >
            <span
              className="logo__letter logo__letter--1"
            >
              W
            </span>
            <span
              className="logo__letter logo__letter--2"
            >
              T
            </span>
            <span
              className="logo__letter logo__letter--3"
            >
              W
            </span>
          </a>
        </div>
        <div
          className="user-block"
        >
          <a
            className="user-block__link"
            href="#/login"
            onClick={[Function]}
          >
            Sign In
          </a>
        </div>
      </header>
      <div
        className="movie-card__wrap"
      >
        <div
          className="movie-card__desc"
        >
          <h2
            className="movie-card__title"
          >
            Matrix
          </h2>
          <p
            className="movie-card__meta"
          >
            <span
              className="movie-card__genre"
            >
              Action
            </span>
            <span
              className="movie-card__year"
            >
              1999
            </span>
          </p>
          <div
            className="movie-card__buttons"
          >
            <button
              className="btn btn--play movie-card__button"
              type="button"
            >
              <svg
                height="19"
                viewBox="0 0 19 19"
                width="19"
              >
                <use
                  xlinkHref="#play-s"
                />
              </svg>
              <span>
                Play
              </span>
            </button>
          </div>
        </div>
      </div>
    </div>
    <div
      className="movie-card__wrap movie-card__translate-top"
    >
      <div
        className="movie-card__info"
      >
        <div
          className="movie-card__poster movie-card__poster--big"
        >
          <img
            alt="Matrix"
            height="327"
            width="218"
          />
        </div>
        <div
          className="movie-card__desc"
        >
          <Tabs
            film={
              Object {
                "background_image": "https://es31-server.appspot.com/wtw/static/film/preview/matrix.jpg",
                "genre": "Action",
                "id": 1,
                "name": "Matrix",
                "poster": "https://es31-server.appspot.com/wtw/static/film/preview/matrix.jpg",
                "preview_image": "https://es31-server.appspot.com/wtw/static/film/preview/matrix.jpg",
                "preview_video_link": "https://upload.wikimedia.org/wikipedia/commons/transcoded/b/b3/Big_Buck_Bunny_Trailer_400p.ogv/Big_Buck_Bunny_Trailer_400p.ogv.360p.webm",
                "released": 1999,
                "starring": Array [
                  "Some actor",
                ],
              }
            }
          />
        </div>
      </div>
    </div>
  </section>,
  <div
    className="page-content"
  >
    <section
      className="catalog catalog--like-this"
    >
      <h2
        className="catalog__title"
      >
        More like this
      </h2>
      <div
        className="catalog__movies-list"
      />
    </section>
    <footer
      className="page-footer"
    >
      <div
        className="logo"
      >
        <a
          className="logo__link logo__link--light"
          href="#/"
          onClick={[Function]}
        >
          <span
            className="logo__letter logo__letter--1"
          >
            W
          </span>
          <span
            className="logo__letter logo__letter--2"
          >
            T
          </span>
          <span
            className="logo__letter logo__letter--3"
          >
            W
          </span>
        </a>
      </div>
      <div
        className="copyright"
      >
        <p>
          Â© 2019 What to watch Ltd.
        </p>
      </div>
    </footer>
  </div>,
]
`;
